#-----------------------------------------------------------
# Vivado v2018.2 (64-bit)
# SW Build 2258646 on Thu Jun 14 20:02:38 MDT 2018
# IP Build 2256618 on Thu Jun 14 22:10:49 MDT 2018
# Start of session at: Thu Oct 14 14:45:37 2021
# Process ID: 2984
# Current directory: /nfs/home/n/n_kawwas/COEN316/lab1/VHDL
# Command line: vivado
# Log file: /nfs/home/n/n_kawwas/COEN316/lab1/VHDL/vivado.log
# Journal file: /nfs/home/n/n_kawwas/COEN316/lab1/VHDL/vivado.jou
#-----------------------------------------------------------
start_gui
create_project project_1 /nfs/home/n/n_kawwas/COEN316/lab1/VHDL/project_1 -part xc7a100tcsg324-1
set_property target_language VHDL [current_project]
add_files -norecurse {/nfs/home/n/n_kawwas/COEN316/lab1/VHDL/alu_board.vhd /nfs/home/n/n_kawwas/COEN316/lab1/VHDL/alu_comp.vhd}
add_files -fileset constrs_1 -norecurse /nfs/home/n/n_kawwas/COEN316/lab1/VHDL/alu.xdc
update_compile_order -fileset sources_1
launch_runs synth_1 -jobs 6
wait_on_run synth_1
launch_runs impl_1 -jobs 6
wait_on_run impl_1
launch_runs impl_1 -to_step write_bitstream -jobs 6
wait_on_run impl_1
open_hw
connect_hw_server
open_hw_target
current_hw_device [get_hw_devices xc7a100t_0]
refresh_hw_device -update_hw_probes false [lindex [get_hw_devices xc7a100t_0] 0]
set_property PROBES.FILE {} [get_hw_devices xc7a100t_0]
set_property FULL_PROBES.FILE {} [get_hw_devices xc7a100t_0]
set_property PROGRAM.FILE {/nfs/home/n/n_kawwas/COEN316/lab1/VHDL/alu.bit} [get_hw_devices xc7a100t_0]
program_hw_devices [get_hw_devices xc7a100t_0]
refresh_hw_device [lindex [get_hw_devices xc7a100t_0] 0]
set_property PROBES.FILE {} [get_hw_devices xc7a100t_0]
set_property FULL_PROBES.FILE {} [get_hw_devices xc7a100t_0]
set_property PROGRAM.FILE {/nfs/home/n/n_kawwas/COEN316/lab1/VHDL/project_1/project_1.runs/impl_1/alu.bit} [get_hw_devices xc7a100t_0]
program_hw_devices [get_hw_devices xc7a100t_0]
refresh_hw_device [lindex [get_hw_devices xc7a100t_0] 0]
